I'm sorry, but errors were detected in your script. Please correct the
errors listed below, and try again.


File "game/screens.rpy", line 270: invalid syntax
    = 0
    ^

Ren'Py Version: Ren'Py 8.4.1.25072401
Mon Oct  6 23:45:32 2025
